{
  "created_by": "user-id",
  "created_timestamp": 1635973200,
  "filename": "image-00000.dcm",
  "id": 204,
  "size": 53936,
  "uploaded_timestamp": 1635973200
}